kotlin version: 2.0.21
error message: org.jetbrains.kotlin.backend.common.BackendException: Backend Internal error: Exception during IR lowering
File being compiled: /home/twain/AndroidStudioProjects/wags/app/src/main/java/com/example/wags/ui/apnea/ApneaRecordDetailScreen.kt
The root cause java.lang.OutOfMemoryError was thrown at: java.base/java.util.Arrays.copyOf(Arrays.java:3537)
	at org.jetbrains.kotlin.backend.common.CodegenUtil.reportBackendException(CodegenUtil.kt:253)
	at org.jetbrains.kotlin.backend.common.CodegenUtil.reportBackendException$default(CodegenUtil.kt:236)
	at org.jetbrains.kotlin.backend.common.phaser.PerformByIrFilePhase.invokeSequential(performByIrFile.kt:65)
	at org.jetbrains.kotlin.backend.common.phaser.PerformByIrFilePhase.invoke(performByIrFile.kt:52)
	at org.jetbrains.kotlin.backend.common.phaser.PerformByIrFilePhase.invoke(performByIrFile.kt:38)
	at org.jetbrains.kotlin.backend.common.phaser.NamedCompilerPhase.phaseBody(CompilerPhase.kt:166)
	at org.jetbrains.kotlin.backend.common.phaser.AbstractNamedCompilerPhase.invoke(CompilerPhase.kt:113)
	at org.jetbrains.kotlin.backend.common.phaser.CompositePhase.invoke(PhaseBuilders.kt:27)
	at org.jetbrains.kotlin.backend.common.phaser.CompositePhase.invoke(PhaseBuilders.kt:14)
	at org.jetbrains.kotlin.backend.common.phaser.NamedCompilerPhase.phaseBody(CompilerPhase.kt:166)
	at org.jetbrains.kotlin.backend.common.phaser.AbstractNamedCompilerPhase.invoke(CompilerPhase.kt:113)
	at org.jetbrains.kotlin.backend.common.phaser.CompilerPhaseKt.invokeToplevel(CompilerPhase.kt:62)
	at org.jetbrains.kotlin.backend.jvm.JvmIrCodegenFactory.invokeCodegen(JvmIrCodegenFactory.kt:371)
	at org.jetbrains.kotlin.codegen.CodegenFactory.generateModule(CodegenFactory.kt:47)
	at org.jetbrains.kotlin.backend.jvm.JvmIrCodegenFactory.generateModuleInFrontendIRMode(JvmIrCodegenFactory.kt:433)
	at org.jetbrains.kotlin.cli.jvm.compiler.pipeline.JvmCompilerPipelineKt.generateCodeFromIr(jvmCompilerPipeline.kt:246)
	at org.jetbrains.kotlin.cli.jvm.compiler.pipeline.JvmCompilerPipelineKt.compileModulesUsingFrontendIrAndLightTree(jvmCompilerPipeline.kt:142)
	at org.jetbrains.kotlin.cli.jvm.K2JVMCompiler.doExecute(K2JVMCompiler.kt:148)
	at org.jetbrains.kotlin.cli.jvm.K2JVMCompiler.doExecute(K2JVMCompiler.kt:43)
	at org.jetbrains.kotlin.cli.common.CLICompiler.execImpl(CLICompiler.kt:103)
	at org.jetbrains.kotlin.cli.common.CLICompiler.execImpl(CLICompiler.kt:49)
	at org.jetbrains.kotlin.cli.common.CLITool.exec(CLITool.kt:101)
	at org.jetbrains.kotlin.incremental.IncrementalJvmCompilerRunner.runCompiler(IncrementalJvmCompilerRunner.kt:464)
	at org.jetbrains.kotlin.incremental.IncrementalJvmCompilerRunner.runCompiler(IncrementalJvmCompilerRunner.kt:73)
	at org.jetbrains.kotlin.incremental.IncrementalCompilerRunner.doCompile(IncrementalCompilerRunner.kt:506)
	at org.jetbrains.kotlin.incremental.IncrementalCompilerRunner.compileImpl(IncrementalCompilerRunner.kt:423)
	at org.jetbrains.kotlin.incremental.IncrementalCompilerRunner.compileNonIncrementally(IncrementalCompilerRunner.kt:301)
	at org.jetbrains.kotlin.incremental.IncrementalCompilerRunner.compile(IncrementalCompilerRunner.kt:129)
	at org.jetbrains.kotlin.daemon.CompileServiceImplBase.execIncrementalCompiler(CompileServiceImpl.kt:675)
	at org.jetbrains.kotlin.daemon.CompileServiceImplBase.access$execIncrementalCompiler(CompileServiceImpl.kt:92)
	at org.jetbrains.kotlin.daemon.CompileServiceImpl.compile(CompileServiceImpl.kt:1660)
	at java.base/jdk.internal.reflect.NativeMethodAccessorImpl.invoke0(Native Method)
	at java.base/jdk.internal.reflect.NativeMethodAccessorImpl.invoke(NativeMethodAccessorImpl.java:77)
	at java.base/jdk.internal.reflect.DelegatingMethodAccessorImpl.invoke(DelegatingMethodAccessorImpl.java:43)
	at java.base/java.lang.reflect.Method.invoke(Method.java:569)
	at java.rmi/sun.rmi.server.UnicastServerRef.dispatch(UnicastServerRef.java:360)
	at java.rmi/sun.rmi.transport.Transport$1.run(Transport.java:200)
	at java.rmi/sun.rmi.transport.Transport$1.run(Transport.java:197)
	at java.base/java.security.AccessController.doPrivileged(AccessController.java:712)
	at java.rmi/sun.rmi.transport.Transport.serviceCall(Transport.java:196)
	at java.rmi/sun.rmi.transport.tcp.TCPTransport.handleMessages(TCPTransport.java:587)
	at java.rmi/sun.rmi.transport.tcp.TCPTransport$ConnectionHandler.run0(TCPTransport.java:828)
	at java.rmi/sun.rmi.transport.tcp.TCPTransport$ConnectionHandler.lambda$run$0(TCPTransport.java:705)
	at java.base/java.security.AccessController.doPrivileged(AccessController.java:399)
	at java.rmi/sun.rmi.transport.tcp.TCPTransport$ConnectionHandler.run(TCPTransport.java:704)
	at java.base/java.util.concurrent.ThreadPoolExecutor.runWorker(ThreadPoolExecutor.java:1136)
	at java.base/java.util.concurrent.ThreadPoolExecutor$Worker.run(ThreadPoolExecutor.java:635)
	at java.base/java.lang.Thread.run(Thread.java:840)
Caused by: java.lang.OutOfMemoryError: GC overhead limit exceeded
	at java.base/java.util.Arrays.copyOf(Arrays.java:3537)
	at java.base/java.lang.AbstractStringBuilder.ensureCapacityInternal(AbstractStringBuilder.java:228)
	at java.base/java.lang.AbstractStringBuilder.append(AbstractStringBuilder.java:582)
	at java.base/java.lang.StringBuilder.append(StringBuilder.java:179)
	at org.jetbrains.kotlin.ir.util.RenderIrElementVisitor.visitGetValue(RenderIrElement.kt:421)
	at org.jetbrains.kotlin.ir.util.RenderIrElementVisitor.visitGetValue(RenderIrElement.kt:28)
	at org.jetbrains.kotlin.ir.expressions.IrGetValue.accept(IrGetValue.kt:18)
	at org.jetbrains.kotlin.ir.util.DumpIrTreeVisitor.visitElement(DumpIrTree.kt:512)
	at org.jetbrains.kotlin.ir.util.DumpIrTreeVisitor.visitElement(DumpIrTree.kt:115)
	at org.jetbrains.kotlin.ir.visitors.IrElementVisitor$DefaultImpls.visitExpression(IrElementVisitor.kt:83)
	at org.jetbrains.kotlin.ir.util.DumpIrTreeVisitor.visitExpression(DumpIrTree.kt:115)
	at org.jetbrains.kotlin.ir.util.DumpIrTreeVisitor.visitExpression(DumpIrTree.kt:115)
	at org.jetbrains.kotlin.ir.visitors.IrElementVisitor$DefaultImpls.visitDeclarationReference(IrElementVisitor.kt:95)
	at org.jetbrains.kotlin.ir.util.DumpIrTreeVisitor.visitDeclarationReference(DumpIrTree.kt:115)
	at org.jetbrains.kotlin.ir.util.DumpIrTreeVisitor.visitDeclarationReference(DumpIrTree.kt:115)
	at org.jetbrains.kotlin.ir.visitors.IrElementVisitor$DefaultImpls.visitValueAccess(IrElementVisitor.kt:251)
	at org.jetbrains.kotlin.ir.util.DumpIrTreeVisitor.visitValueAccess(DumpIrTree.kt:115)
	at org.jetbrains.kotlin.ir.util.DumpIrTreeVisitor.visitValueAccess(DumpIrTree.kt:115)
	at org.jetbrains.kotlin.ir.visitors.IrElementVisitor$DefaultImpls.visitGetValue(IrElementVisitor.kt:254)
	at org.jetbrains.kotlin.ir.util.DumpIrTreeVisitor.visitGetValue(DumpIrTree.kt:115)
	at org.jetbrains.kotlin.ir.util.DumpIrTreeVisitor.visitGetValue(DumpIrTree.kt:115)
	at org.jetbrains.kotlin.ir.expressions.IrGetValue.accept(IrGetValue.kt:18)
	at org.jetbrains.kotlin.ir.util.DumpIrTreeVisitor.visitMemberAccess(DumpIrTree.kt:272)
	at org.jetbrains.kotlin.ir.util.DumpIrTreeVisitor.visitMemberAccess(DumpIrTree.kt:115)
	at org.jetbrains.kotlin.ir.visitors.IrElementVisitor$DefaultImpls.visitFunctionAccess(IrElementVisitor.kt:101)
	at org.jetbrains.kotlin.ir.util.DumpIrTreeVisitor.visitFunctionAccess(DumpIrTree.kt:115)
	at org.jetbrains.kotlin.ir.util.DumpIrTreeVisitor.visitFunctionAccess(DumpIrTree.kt:115)
	at org.jetbrains.kotlin.ir.visitors.IrElementVisitor$DefaultImpls.visitCall(IrElementVisitor.kt:146)
	at org.jetbrains.kotlin.ir.util.DumpIrTreeVisitor.visitCall(DumpIrTree.kt:115)
	at org.jetbrains.kotlin.ir.util.DumpIrTreeVisitor.visitCall(DumpIrTree.kt:115)
	at org.jetbrains.kotlin.ir.expressions.IrCall.accept(IrCall.kt:24)
	at org.jetbrains.kotlin.ir.expressions.IrBlockBody.acceptChildren(IrBlockBody.kt:23)


